Microchip MPLAB XC8 PIC(R) Assembler V3.0

Linker command line:

-W-3 \
  --edf=C:\Program Files\Microchip\xc8\v3.00\pic\dat\20241204225717_en.msgs \
  -cs -h+dist/default/debug\Assignment4_Heating_System.X.debug.sym \
  --cmf=dist/default/debug\Assignment4_Heating_System.X.debug.cmf -z \
  -Q18F47K42 -oC:\Users\ender\AppData\Local\Temp\xcAsi5k.\driver_tmp_3.o \
  --fixupoverflow=error -ver=XC8 PIC(R) Assembler --fixupoverflow=lstwarn \
  -Mdist/default/debug/Assignment4_Heating_System.X.debug.map -E1 \
  -ACODE=00h-01FFFFh -ACONST=00h-01FFFFh \
  -ASMALLCONST=02000h-020FFhx224,012000h-0120FFhx224 \
  -AMEDIUMCONST=02000h-0FFFFh,012000h-01FFFFh -ACOMRAM=00h-05Fh \
  -AABS1=00h-01FFFh -ABIGRAM=00h-01FFFh -ARAM=060h-0FFh,0100h-01FFhx31 \
  -ABANK0=060h-0FFh -ABANK1=0100h-01FFh -ABANK2=0200h-02FFh \
  -ABANK3=0300h-03FFh -ABANK4=0400h-04FFh -ABANK5=0500h-05FFh \
  -ABANK6=0600h-06FFh -ABANK7=0700h-07FFh -ABANK8=0800h-08FFh \
  -ABANK9=0900h-09FFh -ABANK10=0A00h-0AFFh -ABANK11=0B00h-0BFFh \
  -ABANK12=0C00h-0CFFh -ABANK13=0D00h-0DFFh -ABANK14=0E00h-0EFFh \
  -ABANK15=0F00h-0FFFh -ABANK16=01000h-010FFh -ABANK17=01100h-011FFh \
  -ABANK18=01200h-012FFh -ABANK19=01300h-013FFh -ABANK20=01400h-014FFh \
  -ABANK21=01500h-015FFh -ABANK22=01600h-016FFh -ABANK23=01700h-017FFh \
  -ABANK24=01800h-018FFh -ABANK25=01900h-019FFh -ABANK26=01A00h-01AFFh \
  -ABANK27=01B00h-01BFFh -ABANK28=01C00h-01CFFh -ABANK29=01D00h-01DFFh \
  -ABANK30=01E00h-01EFFh -ABANK31=01F00h-01FFFh \
  -ASFR=03800h-038FFhx7,03F00h-03F5Fh,03F60h-03FFFh -ABIGSFR=03800h-03FFFh \
  -ACONFIG=0300000h-0300009h -AIDLOC=0200000h-020000Fh \
  -AEEDATA=0310000h-03103FFh build/default/debug/Main.o 

Object code version is 3.11

Machine type is 18F47K42



                Name                               Link     Load   Length Selector   Space Scale
build/default/debug/Main.o
                absdata                               0        0      12E        0       0

TOTAL           Name                               Link     Load   Length     Space
        CLASS   CODE           

        CLASS   CONST          

        CLASS   SMALLCONST     

        CLASS   MEDIUMCONST    

        CLASS   COMRAM         

        CLASS   ABS1           

        CLASS   BIGRAM         

        CLASS   RAM            

        CLASS   BANK0          

        CLASS   BANK1          

        CLASS   BANK2          

        CLASS   BANK3          

        CLASS   BANK4          

        CLASS   BANK5          

        CLASS   BANK6          

        CLASS   BANK7          

        CLASS   BANK8          

        CLASS   BANK9          

        CLASS   BANK10         

        CLASS   BANK11         

        CLASS   BANK12         

        CLASS   BANK13         

        CLASS   BANK14         

        CLASS   BANK15         

        CLASS   BANK16         

        CLASS   BANK17         

        CLASS   BANK18         

        CLASS   BANK19         

        CLASS   BANK20         

        CLASS   BANK21         

        CLASS   BANK22         

        CLASS   BANK23         

        CLASS   BANK24         

        CLASS   BANK25         

        CLASS   BANK26         

        CLASS   BANK27         

        CLASS   BANK28         

        CLASS   BANK29         

        CLASS   BANK30         

        CLASS   BANK31         

        CLASS   SFR            

        CLASS   BIGSFR         

        CLASS   CONFIG         

        CLASS   IDLOC          

        CLASS   EEDATA         

        CLASS   UNCLASSED
                absdata                               0        0      12E         0


SEGMENTS        Name                           Load    Length   Top    Selector   Space  Class



UNUSED ADDRESS RANGES

        Name                Unused          Largest block    Delta
        BANK0            060-0FF            A0
        BANK1            100-1FF           100
        BANK10           A00-AFF           100
        BANK11           B00-BFF           100
        BANK12           C00-CFF           100
        BANK13           D00-DFF           100
        BANK14           E00-EFF           100
        BANK15           F00-FFF           100
        BANK16           1000-10FF           100
        BANK17           1100-11FF           100
        BANK18           1200-12FF           100
        BANK19           1300-13FF           100
        BANK2            200-2FF           100
        BANK20           1400-14FF           100
        BANK21           1500-15FF           100
        BANK22           1600-16FF           100
        BANK23           1700-17FF           100
        BANK24           1800-18FF           100
        BANK25           1900-19FF           100
        BANK26           1A00-1AFF           100
        BANK27           1B00-1BFF           100
        BANK28           1C00-1CFF           100
        BANK29           1D00-1DFF           100
        BANK3            300-3FF           100
        BANK30           1E00-1EFF           100
        BANK31           1F00-1FFF           100
        BANK4            400-4FF           100
        BANK5            500-5FF           100
        BANK6            600-6FF           100
        BANK7            700-7FF           100
        BANK8            800-8FF           100
        BANK9            900-9FF           100
        BIGRAM           12E-1FFF          1ED2
        BIGSFR           3800-3FFF           800
        CODE             12E-1FFFF         1FED2
        COMRAM           000-05F            60
        CONFIG           300000-300009             A
        CONST            12E-1FFFF         1FED2
        EEDATA           310000-3103FF           400
        IDLOC            200000-20000F            10
        MEDIUMCONST      2000-FFFF          E000
                         12000-1FFFF          E000
        RAM              060-1FFF           100
        SFR              3800-3FFF           100
        SMALLCONST       2000-FFFF           100
                         12000-1FFFF           100

                                  Symbol Table

__H__absolute__ __absolute__ 000  __Habsdata      absdata      12E
__Hcode         code         000  __Hdata         data         000
__Hedata        edata        000  __Hspace_0      (abs)        12E
__Hspace_1      (abs)        000  __Hspace_3      (abs)        000
__Hudata        udata        000  __Hudata_acs    udata_acs    000
__Hudata_bank0  udata_bank0  000  __Hudata_bank1  udata_bank1  000
__Hudata_bank10 udata_bank10 000  __Hudata_bank11 udata_bank11 000
__Hudata_bank12 udata_bank12 000  __Hudata_bank13 udata_bank13 000
__Hudata_bank14 udata_bank14 000  __Hudata_bank15 udata_bank15 000
__Hudata_bank16 udata_bank16 000  __Hudata_bank17 udata_bank17 000
__Hudata_bank18 udata_bank18 000  __Hudata_bank19 udata_bank19 000
__Hudata_bank2  udata_bank2  000  __Hudata_bank20 udata_bank20 000
__Hudata_bank21 udata_bank21 000  __Hudata_bank22 udata_bank22 000
__Hudata_bank23 udata_bank23 000  __Hudata_bank24 udata_bank24 000
__Hudata_bank25 udata_bank25 000  __Hudata_bank26 udata_bank26 000
__Hudata_bank27 udata_bank27 000  __Hudata_bank28 udata_bank28 000
__Hudata_bank29 udata_bank29 000  __Hudata_bank3  udata_bank3  000
__Hudata_bank30 udata_bank30 000  __Hudata_bank31 udata_bank31 000
__Hudata_bank4  udata_bank4  000  __Hudata_bank5  udata_bank5  000
__Hudata_bank6  udata_bank6  000  __Hudata_bank7  udata_bank7  000
__Hudata_bank8  udata_bank8  000  __Hudata_bank9  udata_bank9  000
__L__absolute__ __absolute__ 000  __Labsdata      absdata      000
__Lcode         code         000  __Ldata         data         000
__Ledata        edata        000  __Lspace_0      (abs)        000
__Lspace_1      (abs)        000  __Lspace_3      (abs)        000
__Ludata        udata        000  __Ludata_acs    udata_acs    000
__Ludata_bank0  udata_bank0  000  __Ludata_bank1  udata_bank1  000
__Ludata_bank10 udata_bank10 000  __Ludata_bank11 udata_bank11 000
__Ludata_bank12 udata_bank12 000  __Ludata_bank13 udata_bank13 000
__Ludata_bank14 udata_bank14 000  __Ludata_bank15 udata_bank15 000
__Ludata_bank16 udata_bank16 000  __Ludata_bank17 udata_bank17 000
__Ludata_bank18 udata_bank18 000  __Ludata_bank19 udata_bank19 000
__Ludata_bank2  udata_bank2  000  __Ludata_bank20 udata_bank20 000
__Ludata_bank21 udata_bank21 000  __Ludata_bank22 udata_bank22 000
__Ludata_bank23 udata_bank23 000  __Ludata_bank24 udata_bank24 000
__Ludata_bank25 udata_bank25 000  __Ludata_bank26 udata_bank26 000
__Ludata_bank27 udata_bank27 000  __Ludata_bank28 udata_bank28 000
__Ludata_bank29 udata_bank29 000  __Ludata_bank3  udata_bank3  000
__Ludata_bank30 udata_bank30 000  __Ludata_bank31 udata_bank31 000
__Ludata_bank4  udata_bank4  000  __Ludata_bank5  udata_bank5  000
__Ludata_bank6  udata_bank6  000  __Ludata_bank7  udata_bank7  000
__Ludata_bank8  udata_bank8  000  __Ludata_bank9  udata_bank9  000
__S0            (abs)        000  __S1            (abs)        000
__S3            (abs)        000  isa$std         (abs)        001
isa$xinst       (abs)        000  
